should match the snapshot with default values:
  1: |
    apiVersion: apps/v1
    kind: Deployment
    metadata:
      labels:
        app.kubernetes.io/instance: RELEASE-NAME
        app.kubernetes.io/managed-by: Helm
        app.kubernetes.io/name: helm-template
        app.kubernetes.io/version: 1.16.0
        helm.sh/chart: helm-template-0.1.0
      name: RELEASE-NAME-helm-template
    spec:
      replicas: 1
      selector:
        matchLabels:
          app.kubernetes.io/instance: RELEASE-NAME
          app.kubernetes.io/name: helm-template
      template:
        metadata:
          labels:
            app.kubernetes.io/instance: RELEASE-NAME
            app.kubernetes.io/managed-by: Helm
            app.kubernetes.io/name: helm-template
            app.kubernetes.io/version: 1.16.0
            helm.sh/chart: helm-template-0.1.0
        spec:
          containers:
            - image: nginx:1.16.0
              imagePullPolicy: IfNotPresent
              livenessProbe:
                httpGet:
                  path: /
                  port: http
              name: helm-template
              ports:
                - containerPort: 80
                  name: http
                  protocol: TCP
              readinessProbe:
                httpGet:
                  path: /
                  port: http
          serviceAccountName: RELEASE-NAME-helm-template
