should match the snapshot with default values:
  1: |
    apiVersion: v1
    automountServiceAccountToken: true
    kind: ServiceAccount
    metadata:
      labels:
        app.kubernetes.io/instance: RELEASE-NAME
        app.kubernetes.io/managed-by: Helm
        app.kubernetes.io/name: helm-template
        app.kubernetes.io/version: 1.16.0
        helm.sh/chart: helm-template-0.1.0
      name: RELEASE-NAME-helm-template
